Lancement du traitement
Liste des dix meilleurs pages atteintes

1, /temps/4IF16.html