Lancement du traitement
Liste des dix meilleurs pages atteintes

1, /temps/4IF16.html
1, /temps/4IF1.ics
1, /temps/3IF1.ics
1, /temps/
1, /notesif/