Lancement du traitement
Liste des dix meilleurs pages atteintes

2, /temps/precedent.gif
2, /temps/
2, /notesif/
1, /temps/style_emploi_du_temps.css
1, /temps/loupe.gif
1, /temps/4IF44.html
1, /temps/4IF16.html
1, /temps/4IF1.ics
1, /temps/3IF1.ics
1, /stages/ListePFE.php